<html>
<body>
<pre>
<h1>µVision Build Log</h1>
<h2>Tool Versions:</h2>
IDE-Version: ¦ÌVision V5.24.2.0
Copyright (C) 2017 ARM Ltd and ARM Germany GmbH. All rights reserved.
License Information: qwer 8613533833093, qwer, LIC=----
 
Tool Versions:
Toolchain:       MDK-Lite  Version: 5.24.1
Toolchain Path:  C:\Keil_v5\ARM\ARMCC\Bin
C Compiler:      Armcc.exe V5.06 update 5 (build 528)
Assembler:       Armasm.exe V5.06 update 5 (build 528)
Linker/Locator:  ArmLink.exe V5.06 update 5 (build 528)
Library Manager: ArmAr.exe V5.06 update 5 (build 528)
Hex Converter:   FromElf.exe V5.06 update 5 (build 528)
CPU DLL:         SARMCM3.DLL V5.24.1
Dialog DLL:      DCM.DLL V1.16.0.0
Target DLL:      STLink\ST-LINKIII-KEIL_SWO.dll V3.0.1.0
Dialog DLL:      TCM.DLL V1.32.0.0
 
<h2>Project:</h2>
C:\Users\86135\Desktop\my_DIY\DIY_f4\MDK-ARM\DIY.uvprojx
Project File Date:  08/26/2024

<h2>Output:</h2>
*** Using Compiler 'V5.06 update 5 (build 528)', folder: 'C:\Keil_v5\ARM\ARMCC\Bin'
Rebuild target 'DIY'
assembling startup_stm32f407xx.s...
compiling event_groups.c...
compiling croutine.c...
compiling list.c...
compiling queue.c...
compiling tasks.c...
compiling stream_buffer.c...
compiling timers.c...
compiling heap_4.c...
compiling gpio.c...
compiling stm32f4xx_it.c...
compiling stm32f4xx_hal_flash_ex.c...
compiling stm32f4xx_hal_gpio.c...
compiling stm32f4xx_hal_msp.c...
compiling port.c...
compiling stm32f4xx_hal_timebase_tim.c...
compiling stm32f4xx_hal_dma.c...
compiling stm32f4xx_hal_flash_ramfunc.c...
compiling Delay.c...
compiling stm32f4xx_hal_dma_ex.c...
compiling stm32f4xx_hal_cortex.c...
compiling main.c...
../Core/Src/main.c(233): warning:  #1035-D: single-precision operand implicitly converted to double-precision
  		left_distance = (float)(Left_Motor.EncodeCount/
C_1)*
_1;
../Core/Src/main.c(235): warning:  #1035-D: single-precision operand implicitly converted to double-precision
  		Left_Motor.Motorspeed = left_distance/
NCODER_TIME;
../Core/Src/main.c(236): warning:  #223-D: function "printf" declared implicitly
  		printf("%.0f  					%.2f  			%.2f					%.2f  \n",Left_Motor.EncodeCount,left_distance,Left_Motor.Distance,Left_Motor.Motorspeed);
../Core/Src/main.c(244): warning:  #1035-D: single-precision operand implicitly converted to double-precision
  		right_distance = (float)(Right_Motor.EncodeCount/
C_1)*
_1;
../Core/Src/main.c(246): warning:  #1035-D: single-precision operand implicitly converted to double-precision
  		Right_Motor.Motorspeed = right_distance/
NCODER_TIME;
../Core/Src/main.c: 5 warnings, 0 errors
compiling stm32f4xx_hal_exti.c...
compiling tim.c...
compiling pid.c...
..\HARDWARE\PID\pid.c(64): warning:  #940-D: missing return statement at end of non-void function "Motor_Set_Val" 
  }
..\HARDWARE\PID\pid.c: 1 warning, 0 errors
compiling atk_ms901m.c...
compiling stm32f4xx_hal.c...
compiling stm32f4xx_hal_pwr.c...
compiling usart.c...
compiling system_stm32f4xx.c...
compiling stm32f4xx_hal_flash.c...
compiling stm32f4xx_hal_pwr_ex.c...
compiling atk_ms901m_uart.c...
compiling stm32f4xx_hal_uart.c...
compiling freertos.c...
compiling stm32f4xx_hal_rcc.c...
compiling stm32f4xx_hal_rcc_ex.c...
compiling stm32f4xx_hal_tim_ex.c...
compiling stm32f4xx_hal_tim.c...
compiling cmsis_os2.c...
linking...
Program Size: Code=20348 RO-data=496 RW-data=164 ZI-data=21524  
FromELF: creating hex file...
"DIY\DIY.axf" - 0 Error(s), 6 Warning(s).

<h2>Software Packages used:</h2>

Package Vendor: ARM
                http://www.keil.com/pack/ARM.CMSIS.5.0.1.pack
                ARM.CMSIS.5.0.1
                CMSIS (Cortex Microcontroller Software Interface Standard)
   * Component: CORE Version: 5.0.1

Package Vendor: Keil
                https://www.keil.com/pack/Keil.STM32F4xx_DFP.2.17.1.pack
                Keil.STM32F4xx_DFP.2.17.1
                STMicroelectronics STM32F4 Series Device Support, Drivers and Examples

<h2>Collection of Component include folders:</h2>
  .\RTE\_DIY
  C:\Keil_v5\ARM\PACK\ARM\CMSIS\5.0.1\CMSIS\Include
  C:\Keil_v5\ARM\PACK\Keil\STM32F4xx_DFP\2.17.1\Drivers\CMSIS\Device\ST\STM32F4xx\Include

<h2>Collection of Component Files used:</h2>

   * Component: ARM::CMSIS:CORE:5.0.1
Build Time Elapsed:  00:00:05
</pre>
</body>
</html>
