<html>
<body>
<pre>
<h1>µVision Build Log</h1>
<h2>Tool Versions:</h2>
IDE-Version: ¦ÌVision V5.24.2.0
Copyright (C) 2017 ARM Ltd and ARM Germany GmbH. All rights reserved.
License Information: qwer 8613533833093, qwer, LIC=----
 
Tool Versions:
Toolchain:       MDK-Lite  Version: 5.24.1
Toolchain Path:  C:\Keil_v5\ARM\ARMCC\Bin
C Compiler:      Armcc.exe V5.06 update 5 (build 528)
Assembler:       Armasm.exe V5.06 update 5 (build 528)
Linker/Locator:  ArmLink.exe V5.06 update 5 (build 528)
Library Manager: ArmAr.exe V5.06 update 5 (build 528)
Hex Converter:   FromElf.exe V5.06 update 5 (build 528)
CPU DLL:         SARMCM3.DLL V5.24.1
Dialog DLL:      DCM.DLL V1.16.0.0
Target DLL:      STLink\ST-LINKIII-KEIL_SWO.dll V3.0.1.0
Dialog DLL:      TCM.DLL V1.32.0.0
 
<h2>Project:</h2>
C:\Users\86135\Desktop\my_DIY\DIY_test\MDK-ARM\MPU_test.uvprojx
Project File Date:  08/25/2024

<h2>Output:</h2>
*** Using Compiler 'V5.06 update 5 (build 528)', folder: 'C:\Keil_v5\ARM\ARMCC\Bin'
Rebuild target 'MPU_test'
assembling startup_stm32f103x6.s...
compiling event_groups.c...
compiling croutine.c...
compiling queue.c...
compiling stream_buffer.c...
compiling list.c...
compiling tasks.c...
compiling usart.c...
compiling gpio.c...
compiling stm32f1xx_hal_pwr.c...
compiling stm32f1xx_hal_msp.c...
compiling stm32f1xx_it.c...
compiling stm32f1xx_hal_gpio.c...
compiling timers.c...
compiling heap_4.c...
compiling tim.c...
compiling stm32f1xx_hal_exti.c...
compiling stm32f1xx_hal_rcc_ex.c...
compiling atk_ms901m_uart.c...
compiling atk_ms901m.c...
compiling port.c...
compiling stm32f1xx_hal_tim_ex.c...
compiling Delay.c...
compiling main.c...
compiling system_stm32f1xx.c...
compiling stm32f1xx_hal_gpio_ex.c...
compiling stm32f1xx_hal_timebase_tim.c...
compiling stm32f1xx_hal_cortex.c...
compiling cmsis_os2.c...
compiling stm32f1xx_hal_flash_ex.c...
compiling stm32f1xx_hal_flash.c...
compiling stm32f1xx_hal.c...
compiling freertos.c...
../Core/Src/freertos.c(178): warning:  #223-D: function "printf" declared implicitly
  	printf("%.0f  					%.2f  					%.2f  \n",Left_Motor.EncodeCount,left_distance,Left_Motor.Motorspeed);
../Core/Src/freertos.c: 1 warning, 0 errors
compiling pid.c...
compiling stm32f1xx_hal_dma.c...
compiling stm32f1xx_hal_rcc.c...
compiling stm32f1xx_hal_uart.c...
compiling stm32f1xx_hal_tim.c...
linking...
Program Size: Code=19240 RO-data=420 RW-data=156 ZI-data=9020  
FromELF: creating hex file...
"MPU_test\MPU_test.axf" - 0 Error(s), 1 Warning(s).

<h2>Software Packages used:</h2>

Package Vendor: ARM
                http://www.keil.com/pack/ARM.CMSIS.5.0.1.pack
                ARM.CMSIS.5.0.1
                CMSIS (Cortex Microcontroller Software Interface Standard)
   * Component: CORE Version: 5.0.1

Package Vendor: Keil
                http://www.keil.com/pack/Keil.STM32F1xx_DFP.2.2.0.pack
                Keil.STM32F1xx_DFP.2.2.0
                STMicroelectronics STM32F1 Series Device Support, Drivers and Examples

<h2>Collection of Component include folders:</h2>
  .\RTE\_MPU_test
  C:\Keil_v5\ARM\PACK\ARM\CMSIS\5.0.1\CMSIS\Include
  C:\Keil_v5\ARM\PACK\Keil\STM32F1xx_DFP\2.2.0\Device\Include

<h2>Collection of Component Files used:</h2>

   * Component: ARM::CMSIS:CORE:5.0.1
Build Time Elapsed:  00:00:04
</pre>
</body>
</html>
